Set 0:
Binary patterns:
Strength = 140@349: ELF []
Strength =  71@385: PS4 Signed ELF file []
Text patterns:
Set 1:
Binary patterns:
Text patterns:
