Set 0:
Binary patterns:
Strength =  70@44: Kerberos Keytab file []
Text patterns:
Set 1:
Binary patterns:
Text patterns:
