Set 0:
Binary patterns:
Strength = 260@8: NASA SPICE file (transfer format) []
Strength = 100@7: NASA SPICE file (binary format) []
Text patterns:
Set 1:
Binary patterns:
Text patterns:
