Set 0:
Binary patterns:
Strength =  71@18: Dan Bricklin's Demo 2 demo [application/x-borland-cbt]
Strength =  60@13: Pascal unit []
Text patterns:
Strength =  37@5: Pascal source text [text/x-pascal]
Set 1:
Binary patterns:
Text patterns:
