Set 0:
Binary patterns:
Text patterns:
Set 1:
Binary patterns:
Text patterns:
