Set 0:
Binary patterns:
Text patterns:
Strength =  61@26: bencoded News text []
Strength =  41@18: btoa'd text []
Strength =  39@11: uuencoded text []
Strength =  36@22: ship'd binary text []
Set 1:
Binary patterns:
Text patterns:
