Set 0:
Binary patterns:
Strength =  50@6: VISX image file []
Text patterns:
Set 1:
Binary patterns:
Text patterns:
